# Task 1302 · first-run-brief L2

Since your last run, the task received new events:

### External Event — 2023-11-14 22:13 UTC
Description: PR review requested
URL: https://github.com/icholy/xagent/pull/1394

### Instruction — 2023-11-14 22:15 UTC
keep going
Source: https://github.com/icholy/xagent/issues/2

Continue working on the task.